Archive member included to satisfy reference by file (symbol)

C:/ST/STM32CubeIDE_1.13.2/STM32CubeIDE/plugins/com.st.stm32cube.ide.mcu.externaltools.gnu-tools-for-stm32.11.3.rel1.win32_1.1.1.202309131626/tools/bin/../lib/gcc/arm-none-eabi/11.3.1/../../../../arm-none-eabi/lib/thumb/v7-m/nofp\libc_nano.a(libc_a-exit.o)
                              C:/ST/STM32CubeIDE_1.13.2/STM32CubeIDE/plugins/com.st.stm32cube.ide.mcu.externaltools.gnu-tools-for-stm32.11.3.rel1.win32_1.1.1.202309131626/tools/bin/../lib/gcc/arm-none-eabi/11.3.1/../../../../arm-none-eabi/lib/thumb/v7-m/nofp/crt0.o (exit)
C:/ST/STM32CubeIDE_1.13.2/STM32CubeIDE/plugins/com.st.stm32cube.ide.mcu.externaltools.gnu-tools-for-stm32.11.3.rel1.win32_1.1.1.202309131626/tools/bin/../lib/gcc/arm-none-eabi/11.3.1/../../../../arm-none-eabi/lib/thumb/v7-m/nofp\libc_nano.a(libc_a-findfp.o)
                              C:/ST/STM32CubeIDE_1.13.2/STM32CubeIDE/plugins/com.st.stm32cube.ide.mcu.externaltools.gnu-tools-for-stm32.11.3.rel1.win32_1.1.1.202309131626/tools/bin/../lib/gcc/arm-none-eabi/11.3.1/../../../../arm-none-eabi/lib/thumb/v7-m/nofp\libc_nano.a(libc_a-exit.o) (__stdio_exit_handler)
C:/ST/STM32CubeIDE_1.13.2/STM32CubeIDE/plugins/com.st.stm32cube.ide.mcu.externaltools.gnu-tools-for-stm32.11.3.rel1.win32_1.1.1.202309131626/tools/bin/../lib/gcc/arm-none-eabi/11.3.1/../../../../arm-none-eabi/lib/thumb/v7-m/nofp\libc_nano.a(libc_a-fwalk.o)
                              C:/ST/STM32CubeIDE_1.13.2/STM32CubeIDE/plugins/com.st.stm32cube.ide.mcu.externaltools.gnu-tools-for-stm32.11.3.rel1.win32_1.1.1.202309131626/tools/bin/../lib/gcc/arm-none-eabi/11.3.1/../../../../arm-none-eabi/lib/thumb/v7-m/nofp\libc_nano.a(libc_a-findfp.o) (_fwalk_sglue)
C:/ST/STM32CubeIDE_1.13.2/STM32CubeIDE/plugins/com.st.stm32cube.ide.mcu.externaltools.gnu-tools-for-stm32.11.3.rel1.win32_1.1.1.202309131626/tools/bin/../lib/gcc/arm-none-eabi/11.3.1/../../../../arm-none-eabi/lib/thumb/v7-m/nofp\libc_nano.a(libc_a-stdio.o)
                              C:/ST/STM32CubeIDE_1.13.2/STM32CubeIDE/plugins/com.st.stm32cube.ide.mcu.externaltools.gnu-tools-for-stm32.11.3.rel1.win32_1.1.1.202309131626/tools/bin/../lib/gcc/arm-none-eabi/11.3.1/../../../../arm-none-eabi/lib/thumb/v7-m/nofp\libc_nano.a(libc_a-findfp.o) (__sread)
C:/ST/STM32CubeIDE_1.13.2/STM32CubeIDE/plugins/com.st.stm32cube.ide.mcu.externaltools.gnu-tools-for-stm32.11.3.rel1.win32_1.1.1.202309131626/tools/bin/../lib/gcc/arm-none-eabi/11.3.1/../../../../arm-none-eabi/lib/thumb/v7-m/nofp\libc_nano.a(libc_a-memset.o)
                              C:/ST/STM32CubeIDE_1.13.2/STM32CubeIDE/plugins/com.st.stm32cube.ide.mcu.externaltools.gnu-tools-for-stm32.11.3.rel1.win32_1.1.1.202309131626/tools/bin/../lib/gcc/arm-none-eabi/11.3.1/../../../../arm-none-eabi/lib/thumb/v7-m/nofp/crt0.o (memset)
C:/ST/STM32CubeIDE_1.13.2/STM32CubeIDE/plugins/com.st.stm32cube.ide.mcu.externaltools.gnu-tools-for-stm32.11.3.rel1.win32_1.1.1.202309131626/tools/bin/../lib/gcc/arm-none-eabi/11.3.1/../../../../arm-none-eabi/lib/thumb/v7-m/nofp\libc_nano.a(libc_a-closer.o)
                              C:/ST/STM32CubeIDE_1.13.2/STM32CubeIDE/plugins/com.st.stm32cube.ide.mcu.externaltools.gnu-tools-for-stm32.11.3.rel1.win32_1.1.1.202309131626/tools/bin/../lib/gcc/arm-none-eabi/11.3.1/../../../../arm-none-eabi/lib/thumb/v7-m/nofp\libc_nano.a(libc_a-stdio.o) (_close_r)
C:/ST/STM32CubeIDE_1.13.2/STM32CubeIDE/plugins/com.st.stm32cube.ide.mcu.externaltools.gnu-tools-for-stm32.11.3.rel1.win32_1.1.1.202309131626/tools/bin/../lib/gcc/arm-none-eabi/11.3.1/../../../../arm-none-eabi/lib/thumb/v7-m/nofp\libc_nano.a(libc_a-reent.o)
                              C:/ST/STM32CubeIDE_1.13.2/STM32CubeIDE/plugins/com.st.stm32cube.ide.mcu.externaltools.gnu-tools-for-stm32.11.3.rel1.win32_1.1.1.202309131626/tools/bin/../lib/gcc/arm-none-eabi/11.3.1/../../../../arm-none-eabi/lib/thumb/v7-m/nofp\libc_nano.a(libc_a-closer.o) (errno)
C:/ST/STM32CubeIDE_1.13.2/STM32CubeIDE/plugins/com.st.stm32cube.ide.mcu.externaltools.gnu-tools-for-stm32.11.3.rel1.win32_1.1.1.202309131626/tools/bin/../lib/gcc/arm-none-eabi/11.3.1/../../../../arm-none-eabi/lib/thumb/v7-m/nofp\libc_nano.a(libc_a-impure.o)
                              C:/ST/STM32CubeIDE_1.13.2/STM32CubeIDE/plugins/com.st.stm32cube.ide.mcu.externaltools.gnu-tools-for-stm32.11.3.rel1.win32_1.1.1.202309131626/tools/bin/../lib/gcc/arm-none-eabi/11.3.1/../../../../arm-none-eabi/lib/thumb/v7-m/nofp\libc_nano.a(libc_a-reent.o) (_impure_ptr)
C:/ST/STM32CubeIDE_1.13.2/STM32CubeIDE/plugins/com.st.stm32cube.ide.mcu.externaltools.gnu-tools-for-stm32.11.3.rel1.win32_1.1.1.202309131626/tools/bin/../lib/gcc/arm-none-eabi/11.3.1/../../../../arm-none-eabi/lib/thumb/v7-m/nofp\libc_nano.a(libc_a-lseekr.o)
[...]
Memory Configuration

Name             Origin             Length             Attributes
RAM              0x0000000020000000 0x0000000000005000 xrw
FLASH            0x0000000008000000 0x0000000000010000 xr
*default*        0x0000000000000000 0xffffffffffffffff

Linker script and memory map

LOAD C:/ST/STM32CubeIDE_1.13.2/STM32CubeIDE/plugins/com.st.stm32cube.ide.mcu.externaltools.gnu-tools-for-stm32.11.3.rel1.win32_1.1.1.202309131626/tools/bin/../lib/gcc/arm-none-eabi/11.3.1/thumb/v7-m/nofp/crti.o
LOAD C:/ST/STM32CubeIDE_1.13.2/STM32CubeIDE/plugins/com.st.stm32cube.ide.mcu.externaltools.gnu-tools-for-stm32.11.3.rel1.win32_1.1.1.202309131626/tools/bin/../lib/gcc/arm-none-eabi/11.3.1/thumb/v7-m/nofp/crtbegin.o
LOAD C:/ST/STM32CubeIDE_1.13.2/STM32CubeIDE/plugins/com.st.stm32cube.ide.mcu.externaltools.gnu-tools-for-stm32.11.3.rel1.win32_1.1.1.202309131626/tools/bin/../lib/gcc/arm-none-eabi/11.3.1/../../../../arm-none-eabi/lib/thumb/v7-m/nofp/crt0.o
LOAD ./Core/Src/fonts.o
LOAD ./Core/Src/main.o
LOAD ./Core/Src/ssd1306.o
LOAD ./Core/Src/stm32f1xx_hal_msp.o
LOAD ./Core/Src/stm32f1xx_it.o
LOAD ./Core/Src/syscalls.o
LOAD ./Core/Src/sysmem.o
LOAD ./Core/Src/system_stm32f1xx.o
LOAD ./Core/Src/test.o
LOAD ./Core/Startup/startup_stm32f103c8tx.o
LOAD ./Drivers/STM32F1xx_HAL_Driver/Src/stm32f1xx_hal.o
LOAD ./Drivers/STM32F1xx_HAL_Driver/Src/stm32f1xx_hal_cortex.o
LOAD ./Drivers/STM32F1xx_HAL_Driver/Src/stm32f1xx_hal_dma.o
LOAD ./Drivers/STM32F1xx_HAL_Driver/Src/stm32f1xx_hal_exti.o
LOAD ./Drivers/STM32F1xx_HAL_Driver/Src/stm32f1xx_hal_flash.o
LOAD ./Drivers/STM32F1xx_HAL_Driver/Src/stm32f1xx_hal_flash_ex.o
LOAD ./Drivers/STM32F1xx_HAL_Driver/Src/stm32f1xx_hal_gpio.o
LOAD ./Drivers/STM32F1xx_HAL_Driver/Src/stm32f1xx_hal_gpio_ex.o
LOAD ./Drivers/STM32F1xx_HAL_Driver/Src/stm32f1xx_hal_i2c.o
LOAD ./Drivers/STM32F1xx_HAL_Driver/Src/stm32f1xx_hal_pwr.o
LOAD ./Drivers/STM32F1xx_HAL_Driver/Src/stm32f1xx_hal_rcc.o
LOAD ./Drivers/STM32F1xx_HAL_Driver/Src/stm32f1xx_hal_rcc_ex.o
LOAD ./Drivers/STM32F1xx_HAL_Driver/Src/stm32f1xx_hal_tim.o
LOAD ./Drivers/STM32F1xx_HAL_Driver/Src/stm32f1xx_hal_tim_ex.o
START GROUP
LOAD C:/ST/STM32CubeIDE_1.13.2/STM32CubeIDE/plugins/com.st.stm32cube.ide.mcu.externaltools.gnu-tools-for-stm32.11.3.rel1.win32_1.1.1.202309131626/tools/bin/../lib/gcc/arm-none-eabi/11.3.1/../../../../arm-none-eabi/lib/thumb/v7-m/nofp\libc_nano.a
LOAD C:/ST/STM32CubeIDE_1.13.2/STM32CubeIDE/plugins/com.st.stm32cube.ide.mcu.externaltools.gnu-tools-for-stm32.11.3.rel1.win32_1.1.1.202309131626/tools/bin/../lib/gcc/arm-none-eabi/11.3.1/../../../../arm-none-eabi/lib/thumb/v7-m/nofp\libm.a
END GROUP
START GROUP
LOAD C:/ST/STM32CubeIDE_1.13.2/STM32CubeIDE/plugins/com.st.stm32cube.ide.mcu.externaltools.gnu-tools-for-stm32.11.3.rel1.win32_1.1.1.202309131626/tools/bin/../lib/gcc/arm-none-eabi/11.3.1/thumb/v7-m/nofp\libgcc.a
LOAD C:/ST/STM32CubeIDE_1.13.2/STM32CubeIDE/plugins/com.st.stm32cube.ide.mcu.externaltools.gnu-tools-for-stm32.11.3.rel1.win32_1.1.1.202309131626/tools/bin/../lib/gcc/arm-none-eabi/11.3.1/../../../../arm-none-eabi/lib/thumb/v7-m/nofp\libc_nano.a
END GROUP
START GROUP
LOAD C:/ST/STM32CubeIDE_1.13.2/STM32CubeIDE/plugins/com.st.stm32cube.ide.mcu.externaltools.gnu-tools-for-stm32.11.3.rel1.win32_1.1.1.202309131626/tools/bin/../lib/gcc/arm-none-eabi/11.3.1/thumb/v7-m/nofp\libgcc.a
LOAD C:/ST/STM32CubeIDE_1.13.2/STM32CubeIDE/plugins/com.st.stm32cube.ide.mcu.externaltools.gnu-tools-for-stm32.11.3.rel1.win32_1.1.1.202309131626/tools/bin/../lib/gcc/arm-none-eabi/11.3.1/../../../../arm-none-eabi/lib/thumb/v7-m/nofp\libc_nano.a
LOAD C:/ST/STM32CubeIDE_1.13.2/STM32CubeIDE/plugins/com.st.stm32cube.ide.mcu.externaltools.gnu-tools-for-stm32.11.3.rel1.win32_1.1.1.202309131626/tools/bin/../lib/gcc/arm-none-eabi/11.3.1/../../../../arm-none-eabi/lib/thumb/v7-m/nofp\libnosys.a
END GROUP
START GROUP
LOAD C:/ST/STM32CubeIDE_1.13.2/STM32CubeIDE/plugins/com.st.stm32cube.ide.mcu.externaltools.gnu-tools-for-stm32.11.3.rel1.win32_1.1.1.202309131626/tools/bin/../lib/gcc/arm-none-eabi/11.3.1/thumb/v7-m/nofp\libgcc.a
LOAD C:/ST/STM32CubeIDE_1.13.2/STM32CubeIDE/plugins/com.st.stm32cube.ide.mcu.externaltools.gnu-tools-for-stm32.11.3.rel1.win32_1.1.1.202309131626/tools/bin/../lib/gcc/arm-none-eabi/11.3.1/../../../../arm-none-eabi/lib/thumb/v7-m/nofp\libc_nano.a
LOAD C:/ST/STM32CubeIDE_1.13.2/STM32CubeIDE/plugins/com.st.stm32cube.ide.mcu.externaltools.gnu-tools-for-stm32.11.3.rel1.win32_1.1.1.202309131626/tools/bin/../lib/gcc/arm-none-eabi/11.3.1/../../../../arm-none-eabi/lib/thumb/v7-m/nofp\libnosys.a
END GROUP
LOAD C:/ST/STM32CubeIDE_1.13.2/STM32CubeIDE/plugins/com.st.stm32cube.ide.mcu.externaltools.gnu-tools-for-stm32.11.3.rel1.win32_1.1.1.202309131626/tools/bin/../lib/gcc/arm-none-eabi/11.3.1/thumb/v7-m/nofp/crtend.o
LOAD C:/ST/STM32CubeIDE_1.13.2/STM32CubeIDE/plugins/com.st.stm32cube.ide.mcu.externaltools.gnu-tools-for-stm32.11.3.rel1.win32_1.1.1.202309131626/tools/bin/../lib/gcc/arm-none-eabi/11.3.1/thumb/v7-m/nofp/crtn.o
                0x0000000020005000                _estack = (ORIGIN (RAM) + LENGTH (RAM))
                0x0000000000000200                _Min_Heap_Size = 0x200
                0x0000000000000400                _Min_Stack_Size = 0x400

.isr_vector     0x0000000008000000      0x10c
                0x0000000008000000                . = ALIGN (0x4)
 *(.isr_vector)
 .isr_vector    0x0000000008000000      0x10c ./Core/Startup/startup_stm32f103c8tx.o
                0x0000000008000000                g_pfnVectors
                0x000000000800010c                . = ALIGN (0x4)

.text           0x000000000800010c     0x27c0
                0x000000000800010c                . = ALIGN (0x4)
 *(.text)
 .text          0x000000000800010c       0x40 C:/ST/STM32CubeIDE_1.13.2/STM32CubeIDE/plugins/com.st.stm32cube.ide.mcu.externaltools.gnu-tools-for-stm32.11.3.rel1.win32_1.1.1.202309131626/tools/bin/../lib/gcc/arm-none-eabi/11.3.1/thumb/v7-m/nofp/crtbegin.o
 *(.text*)
 .text.read_keypad
                0x000000000800014c      0x2cc ./Core/Src/main.o
                0x000000000800014c                read_keypad
 .text.main     0x0000000008000418       0xbc ./Core/Src/main.o
                0x0000000008000418                main
 .text.SystemClock_Config
                0x00000000080004d4       0x8a ./Core/Src/main.o
                0x00000000080004d4                SystemClock_Config
 *fill*         0x000000000800055e        0x2 
 .text.MX_I2C1_Init
                0x0000000008000560       0x5c ./Core/Src/main.o
 .text.MX_GPIO_Init
                0x00000000080005bc       0xd4 ./Core/Src/main.o
 .text.Error_Handler
                0x0000000008000690        0xa ./Core/Src/main.o
                0x0000000008000690                Error_Handler
 .text.SSD1306_ScrollRight
                0x000000000800069a       0x6c ./Core/Src/ssd1306.o
                0x000000000800069a                SSD1306_ScrollRight
 .text.SSD1306_ScrollLeft
                0x0000000008000706       0x6c ./Core/Src/ssd1306.o
                0x0000000008000706                SSD1306_ScrollLeft
 .text.SSD1306_Stopscroll
                0x0000000008000772       0x12 ./Core/Src/ssd1306.o
                0x0000000008000772                SSD1306_Stopscroll
 .text.SSD1306_Init
                0x0000000008000784      0x188 ./Core/Src/ssd1306.o
                0x0000000008000784                SSD1306_Init
 .text.SSD1306_UpdateScreen
                0x000000000800090c       0x5c ./Core/Src/ssd1306.o
                0x000000000800090c                SSD1306_UpdateScreen
 .text.SSD1306_Fill
                0x0000000008000968       0x30 ./Core/Src/ssd1306.o
                0x0000000008000968                SSD1306_Fill
 .text.SSD1306_DrawPixel
                0x0000000008000998       0xbc ./Core/Src/ssd1306.o
                0x0000000008000998                SSD1306_DrawPixel
 .text.SSD1306_GotoXY
                0x0000000008000a54       0x2c ./Core/Src/ssd1306.o
                0x0000000008000a54                SSD1306_GotoXY
 .text.SSD1306_Putc
                0x0000000008000a80      0x100 ./Core/Src/ssd1306.o
                0x0000000008000a80                SSD1306_Putc
 .text.SSD1306_Puts
                0x0000000008000b80       0x4a ./Core/Src/ssd1306.o
                0x0000000008000b80                SSD1306_Puts
 .text.SSD1306_Clear
                0x0000000008000bca       0x12 ./Core/Src/ssd1306.o
                0x0000000008000bca                SSD1306_Clear
 .text.ssd1306_I2C_Init
                0x0000000008000bdc       0x28 ./Core/Src/ssd1306.o
                0x0000000008000bdc                ssd1306_I2C_Init
 .text.ssd1306_I2C_WriteMulti
                0x0000000008000c04       0xcc ./Core/Src/ssd1306.o
                0x0000000008000c04                ssd1306_I2C_WriteMulti
 .text.ssd1306_I2C_Write
                0x0000000008000cd0       0x3c ./Core/Src/ssd1306.o
                0x0000000008000cd0                ssd1306_I2C_Write
 .text.HAL_MspInit
                0x0000000008000d0c       0x64 ./Core/Src/stm32f1xx_hal_msp.o
                0x0000000008000d0c                HAL_MspInit
 .text.HAL_I2C_MspInit
                0x0000000008000d70       0x7c ./Core/Src/stm32f1xx_hal_msp.o
                0x0000000008000d70                HAL_I2C_MspInit
 .text.NMI_Handler
                0x0000000008000dec        0x6 ./Core/Src/stm32f1xx_it.o
                0x0000000008000dec                NMI_Handler
 .text.HardFault_Handler
                0x0000000008000df2        0x6 ./Core/Src/stm32f1xx_it.o
                0x0000000008000df2                HardFault_Handler
 .text.MemManage_Handler
                0x0000000008000df8        0x6 ./Core/Src/stm32f1xx_it.o
                0x0000000008000df8                MemManage_Handler
 .text.BusFault_Handler
                0x0000000008000dfe        0x6 ./Core/Src/stm32f1xx_it.o
                0x0000000008000dfe                BusFault_Handler
 .text.UsageFault_Handler
                0x0000000008000e04        0x6 ./Core/Src/stm32f1xx_it.o
                0x0000000008000e04                UsageFault_Handler
 .text.SVC_Handler
                0x0000000008000e0a        0xc ./Core/Src/stm32f1xx_it.o
                0x0000000008000e0a                SVC_Handler
 .text.DebugMon_Handler
                0x0000000008000e16        0xc ./Core/Src/stm32f1xx_it.o
                0x0000000008000e16                DebugMon_Handler
 .text.PendSV_Handler
                0x0000000008000e22        0xc ./Core/Src/stm32f1xx_it.o
                0x0000000008000e22                PendSV_Handler
 .text.SysTick_Handler
                0x0000000008000e2e        0xc ./Core/Src/stm32f1xx_it.o
                0x0000000008000e2e                SysTick_Handler
 .text.SystemInit
                0x0000000008000e3a        0xc ./Core/Src/system_stm32f1xx.o
                0x0000000008000e3a                SystemInit
 *fill*         0x0000000008000e46        0x2 
 .text.Reset_Handler
                0x0000000008000e48       0x48 ./Core/Startup/startup_stm32f103c8tx.o
                0x0000000008000e48                Reset_Handler
 .text.Default_Handler
                0x0000000008000e90        0x2 ./Core/Startup/startup_stm32f103c8tx.o
                0x0000000008000e90                RTC_Alarm_IRQHandler
                0x0000000008000e90                EXTI2_IRQHandler
                0x0000000008000e90                TIM1_CC_IRQHandler
                0x0000000008000e90                PVD_IRQHandler
                0x0000000008000e90                EXTI3_IRQHandler
                0x0000000008000e90                EXTI0_IRQHandler
                0x0000000008000e90                I2C2_EV_IRQHandler
                0x0000000008000e90                ADC1_2_IRQHandler
                0x0000000008000e90                SPI1_IRQHandler
                0x0000000008000e90                TAMPER_IRQHandler
                0x0000000008000e90                DMA1_Channel4_IRQHandler
                0x0000000008000e90                USART3_IRQHandler
                0x0000000008000e90                RTC_IRQHandler
                0x0000000008000e90                DMA1_Channel7_IRQHandler
                0x0000000008000e90                CAN1_RX1_IRQHandler
                0x0000000008000e90                TIM4_IRQHandler
                0x0000000008000e90                I2C1_EV_IRQHandler
                0x0000000008000e90                DMA1_Channel6_IRQHandler
                0x0000000008000e90                TIM3_IRQHandler
                0x0000000008000e90                RCC_IRQHandler
                0x0000000008000e90                TIM1_TRG_COM_IRQHandler
                0x0000000008000e90                DMA1_Channel1_IRQHandler
                0x0000000008000e90                Default_Handler
                0x0000000008000e90                EXTI15_10_IRQHandler
                0x0000000008000e90                EXTI9_5_IRQHandler
                0x0000000008000e90                SPI2_IRQHandler
                0x0000000008000e90                DMA1_Channel5_IRQHandler
                0x0000000008000e90                EXTI4_IRQHandler
                0x0000000008000e90                USB_LP_CAN1_RX0_IRQHandler
                0x0000000008000e90                USB_HP_CAN1_TX_IRQHandler
                0x0000000008000e90                DMA1_Channel3_IRQHandler
                0x0000000008000e90                TIM1_UP_IRQHandler
                0x0000000008000e90                WWDG_IRQHandler
                0x0000000008000e90                TIM2_IRQHandler
                0x0000000008000e90                TIM1_BRK_IRQHandler
                0x0000000008000e90                EXTI1_IRQHandler
                0x0000000008000e90                USART2_IRQHandler
                0x0000000008000e90                I2C2_ER_IRQHandler
                0x0000000008000e90                DMA1_Channel2_IRQHandler
                0x0000000008000e90                CAN1_SCE_IRQHandler
                0x0000000008000e90                FLASH_IRQHandler
                0x0000000008000e90                USART1_IRQHandler
                0x0000000008000e90                I2C1_ER_IRQHandler
                0x0000000008000e90                USBWakeUp_IRQHandler
 *fill*         0x0000000008000e92        0x2 
 .text.HAL_Init
                0x0000000008000e94       0x2c ./Drivers/STM32F1xx_HAL_Driver/Src/stm32f1xx_hal.o
                0x0000000008000e94                HAL_Init
 .text.HAL_InitTick
                0x0000000008000ec0       0x60 ./Drivers/STM32F1xx_HAL_Driver/Src/stm32f1xx_hal.o
                0x0000000008000ec0                HAL_InitTick
 .text.HAL_IncTick
                0x0000000008000f20       0x24 ./Drivers/STM32F1xx_HAL_Driver/Src/stm32f1xx_hal.o
                0x0000000008000f20                HAL_IncTick
 .text.HAL_GetTick
                0x0000000008000f44       0x14 ./Drivers/STM32F1xx_HAL_Driver/Src/stm32f1xx_hal.o
                0x0000000008000f44                HAL_GetTick
 .text.HAL_Delay
                0x0000000008000f58       0x48 ./Drivers/STM32F1xx_HAL_Driver/Src/stm32f1xx_hal.o
                0x0000000008000f58                HAL_Delay
 .text.__NVIC_SetPriorityGrouping
                0x0000000008000fa0       0x48 ./Drivers/STM32F1xx_HAL_Driver/Src/stm32f1xx_hal_cortex.o
 .text.__NVIC_GetPriorityGrouping
                0x0000000008000fe8       0x1c ./Drivers/STM32F1xx_HAL_Driver/Src/stm32f1xx_hal_cortex.o
 .text.__NVIC_SetPriority
                0x0000000008001004       0x54 ./Drivers/STM32F1xx_HAL_Driver/Src/stm32f1xx_hal_cortex.o
 .text.NVIC_EncodePriority
                0x0000000008001058       0x64 ./Drivers/STM32F1xx_HAL_Driver/Src/stm32f1xx_hal_cortex.o
 .text.SysTick_Config
                0x00000000080010bc       0x44 ./Drivers/STM32F1xx_HAL_Driver/Src/stm32f1xx_hal_cortex.o
 .text.HAL_NVIC_SetPriorityGrouping
                0x0000000008001100       0x16 ./Drivers/STM32F1xx_HAL_Driver/Src/stm32f1xx_hal_cortex.o
                0x0000000008001100                HAL_NVIC_SetPriorityGrouping
 .text.HAL_NVIC_SetPriority
                0x0000000008001116       0x38 ./Drivers/STM32F1xx_HAL_Driver/Src/stm32f1xx_hal_cortex.o
                0x0000000008001116                HAL_NVIC_SetPriority
 .text.HAL_SYSTICK_Config
                0x000000000800114e       0x18 ./Drivers/STM32F1xx_HAL_Driver/Src/stm32f1xx_hal_cortex.o
                0x000000000800114e                HAL_SYSTICK_Config
 *fill*         0x0000000008001166        0x2 
 .text.HAL_GPIO_Init
                0x0000000008001168      0x308 ./Drivers/STM32F1xx_HAL_Driver/Src/stm32f1xx_hal_gpio.o
                0x0000000008001168                HAL_GPIO_Init
 .text.HAL_GPIO_ReadPin
                0x0000000008001470       0x2e ./Drivers/STM32F1xx_HAL_Driver/Src/stm32f1xx_hal_gpio.o
                0x0000000008001470                HAL_GPIO_ReadPin
 .text.HAL_GPIO_WritePin
                0x000000000800149e       0x30 ./Drivers/STM32F1xx_HAL_Driver/Src/stm32f1xx_hal_gpio.o
                0x000000000800149e                HAL_GPIO_WritePin
 *fill*         0x00000000080014ce        0x2 
 .text.HAL_I2C_Init
                0x00000000080014d0      0x288 ./Drivers/STM32F1xx_HAL_Driver/Src/stm32f1xx_hal_i2c.o
                0x00000000080014d0                HAL_I2C_Init
 .text.HAL_I2C_Master_Transmit
                0x0000000008001758      0x1fc ./Drivers/STM32F1xx_HAL_Driver/Src/stm32f1xx_hal_i2c.o
                0x0000000008001758                HAL_I2C_Master_Transmit
 .text.HAL_I2C_IsDeviceReady
                0x0000000008001954      0x25c ./Drivers/STM32F1xx_HAL_Driver/Src/stm32f1xx_hal_i2c.o
                0x0000000008001954                HAL_I2C_IsDeviceReady
 .text.I2C_MasterRequestWrite
                0x0000000008001bb0      0x104 ./Drivers/STM32F1xx_HAL_Driver/Src/stm32f1xx_hal_i2c.o
 .text.I2C_WaitOnFlagUntilTimeout
                0x0000000008001cb4       0xf4 ./Drivers/STM32F1xx_HAL_Driver/Src/stm32f1xx_hal_i2c.o
 .text.I2C_WaitOnMasterAddressFlagUntilTimeout
                0x0000000008001da8      0x140 ./Drivers/STM32F1xx_HAL_Driver/Src/stm32f1xx_hal_i2c.o
 .text.I2C_WaitOnTXEFlagUntilTimeout
                0x0000000008001ee8       0x90 ./Drivers/STM32F1xx_HAL_Driver/Src/stm32f1xx_hal_i2c.o
 .text.I2C_WaitOnBTFFlagUntilTimeout
                0x0000000008001f78       0x90 ./Drivers/STM32F1xx_HAL_Driver/Src/stm32f1xx_hal_i2c.o
 .text.I2C_IsAcknowledgeFailed
                0x0000000008002008       0x5c ./Drivers/STM32F1xx_HAL_Driver/Src/stm32f1xx_hal_i2c.o
 .text.HAL_RCC_OscConfig
                0x0000000008002064      0x504 ./Drivers/STM32F1xx_HAL_Driver/Src/stm32f1xx_hal_rcc.o
                0x0000000008002064                HAL_RCC_OscConfig
 .text.HAL_RCC_ClockConfig
                0x0000000008002568      0x1d4 ./Drivers/STM32F1xx_HAL_Driver/Src/stm32f1xx_hal_rcc.o
                0x0000000008002568                HAL_RCC_ClockConfig
 .text.HAL_RCC_GetSysClockFreq
                0x000000000800273c       0xa8 ./Drivers/STM32F1xx_HAL_Driver/Src/stm32f1xx_hal_rcc.o
                0x000000000800273c                HAL_RCC_GetSysClockFreq
 .text.HAL_RCC_GetHCLKFreq
                0x00000000080027e4       0x14 ./Drivers/STM32F1xx_HAL_Driver/Src/stm32f1xx_hal_rcc.o
                0x00000000080027e4                HAL_RCC_GetHCLKFreq
 .text.HAL_RCC_GetPCLK1Freq
                0x00000000080027f8       0x28 ./Drivers/STM32F1xx_HAL_Driver/Src/stm32f1xx_hal_rcc.o
                0x00000000080027f8                HAL_RCC_GetPCLK1Freq
 .text.RCC_Delay
                0x0000000008002820       0x3c ./Drivers/STM32F1xx_HAL_Driver/Src/stm32f1xx_hal_rcc.o
 .text.memset   0x000000000800285c       0x10 C:/ST/STM32CubeIDE_1.13.2/STM32CubeIDE/plugins/com.st.stm32cube.ide.mcu.externaltools.gnu-tools-for-stm32.11.3.rel1.win32_1.1.1.202309131626/tools/bin/../lib/gcc/arm-none-eabi/11.3.1/../../../../arm-none-eabi/lib/thumb/v7-m/nofp\libc_nano.a(libc_a-memset.o)
                0x000000000800285c                memset
 .text.__libc_init_array
                0x000000000800286c       0x48 C:/ST/STM32CubeIDE_1.13.2/STM32CubeIDE/plugins/com.st.stm32cube.ide.mcu.externaltools.gnu-tools-for-stm32.11.3.rel1.win32_1.1.1.202309131626/tools/bin/../lib/gcc/arm-none-eabi/11.3.1/../../../../arm-none-eabi/lib/thumb/v7-m/nofp\libc_nano.a(libc_a-init.o)
                0x000000000800286c                __libc_init_array
 *(.glue_7)
 .glue_7        0x00000000080028b4        0x0 linker stubs
 *(.glue_7t)
 .glue_7t       0x00000000080028b4        0x0 linker stubs
 *(.eh_frame)
 .eh_frame      0x00000000080028b4        0x0 C:/ST/STM32CubeIDE_1.13.2/STM32CubeIDE/plugins/com.st.stm32cube.ide.mcu.externaltools.gnu-tools-for-stm32.11.3.rel1.win32_1.1.1.202309131626/tools/bin/../lib/gcc/arm-none-eabi/11.3.1/thumb/v7-m/nofp/crtbegin.o
 *(.init)
 .init          0x00000000080028b4        0x4 C:/ST/STM32CubeIDE_1.13.2/STM32CubeIDE/plugins/com.st.stm32cube.ide.mcu.externaltools.gnu-tools-for-stm32.11.3.rel1.win32_1.1.1.202309131626/tools/bin/../lib/gcc/arm-none-eabi/11.3.1/thumb/v7-m/nofp/crti.o
                0x00000000080028b4                _init
 .init          0x00000000080028b8        0x8 C:/ST/STM32CubeIDE_1.13.2/STM32CubeIDE/plugins/com.st.stm32cube.ide.mcu.externaltools.gnu-tools-for-stm32.11.3.rel1.win32_1.1.1.202309131626/tools/bin/../lib/gcc/arm-none-eabi/11.3.1/thumb/v7-m/nofp/crtn.o
 *(.fini)
 .fini          0x00000000080028c0        0x4 C:/ST/STM32CubeIDE_1.13.2/STM32CubeIDE/plugins/com.st.stm32cube.ide.mcu.externaltools.gnu-tools-for-stm32.11.3.rel1.win32_1.1.1.202309131626/tools/bin/../lib/gcc/arm-none-eabi/11.3.1/thumb/v7-m/nofp/crti.o
                0x00000000080028c0                _fini
 .fini          0x00000000080028c4        0x8 C:/ST/STM32CubeIDE_1.13.2/STM32CubeIDE/plugins/com.st.stm32cube.ide.mcu.externaltools.gnu-tools-for-stm32.11.3.rel1.win32_1.1.1.202309131626/tools/bin/../lib/gcc/arm-none-eabi/11.3.1/thumb/v7-m/nofp/crtn.o
                0x00000000080028cc                . = ALIGN (0x4)
                0x00000000080028cc                _etext = .

.vfp11_veneer   0x00000000080028cc        0x0
 .vfp11_veneer  0x00000000080028cc        0x0 linker stubs

.v4_bx          0x00000000080028cc        0x0
 .v4_bx         0x00000000080028cc        0x0 linker stubs

.iplt           0x00000000080028cc        0x0
 .iplt          0x00000000080028cc        0x0 C:/ST/STM32CubeIDE_1.13.2/STM32CubeIDE/plugins/com.st.stm32cube.ide.mcu.externaltools.gnu-tools-for-stm32.11.3.rel1.win32_1.1.1.202309131626/tools/bin/../lib/gcc/arm-none-eabi/11.3.1/thumb/v7-m/nofp/crtbegin.o

.rodata         0x00000000080028cc      0xda0
                0x00000000080028cc                . = ALIGN (0x4)
 *(.rodata)
 .rodata        0x00000000080028cc       0x15 ./Core/Src/main.o
 *(.rodata*)
 *fill*         0x00000000080028e1        0x3 
 .rodata.Font11x18
                0x00000000080028e4      0xd5c ./Core/Src/fonts.o
                0x00000000080028e4                Font11x18
 .rodata.AHBPrescTable
                0x0000000008003640       0x10 ./Core/Src/system_stm32f1xx.o
                0x0000000008003640                AHBPrescTable
 .rodata.APBPrescTable
                0x0000000008003650        0x8 ./Core/Src/system_stm32f1xx.o
                0x0000000008003650                APBPrescTable
 .rodata.aPLLMULFactorTable.1
                0x0000000008003658       0x10 ./Drivers/STM32F1xx_HAL_Driver/Src/stm32f1xx_hal_rcc.o
 .rodata.aPredivFactorTable.0
                0x0000000008003668        0x2 ./Drivers/STM32F1xx_HAL_Driver/Src/stm32f1xx_hal_rcc.o
                0x000000000800366c                . = ALIGN (0x4)
 *fill*         0x000000000800366a        0x2 

.rel.dyn        0x000000000800366c        0x0
 .rel.iplt      0x000000000800366c        0x0 C:/ST/STM32CubeIDE_1.13.2/STM32CubeIDE/plugins/com.st.stm32cube.ide.mcu.externaltools.gnu-tools-for-stm32.11.3.rel1.win32_1.1.1.202309131626/tools/bin/../lib/gcc/arm-none-eabi/11.3.1/thumb/v7-m/nofp/crtbegin.o

.ARM.extab      0x000000000800366c        0x0
                0x000000000800366c                . = ALIGN (0x4)
 *(.ARM.extab* .gnu.linkonce.armextab.*)
                0x000000000800366c                . = ALIGN (0x4)

.ARM            0x000000000800366c        0x0
                0x000000000800366c                . = ALIGN (0x4)
                0x000000000800366c                __exidx_start = .
 *(.ARM.exidx*)
                0x000000000800366c                __exidx_end = .
                0x000000000800366c                . = ALIGN (0x4)

.preinit_array  0x000000000800366c        0x0
                0x000000000800366c                . = ALIGN (0x4)
                0x000000000800366c                PROVIDE (__preinit_array_start = .)
 *(.preinit_array*)
                0x000000000800366c                PROVIDE (__preinit_array_end = .)
                0x000000000800366c                . = ALIGN (0x4)

.init_array     0x000000000800366c        0x4
                0x000000000800366c                . = ALIGN (0x4)
                0x000000000800366c                PROVIDE (__init_array_start = .)
 *(SORT_BY_NAME(.init_array.*))
 *(.init_array*)
 .init_array    0x000000000800366c        0x4 C:/ST/STM32CubeIDE_1.13.2/STM32CubeIDE/plugins/com.st.stm32cube.ide.mcu.externaltools.gnu-tools-for-stm32.11.3.rel1.win32_1.1.1.202309131626/tools/bin/../lib/gcc/arm-none-eabi/11.3.1/thumb/v7-m/nofp/crtbegin.o
                0x0000000008003670                PROVIDE (__init_array_end = .)
                0x0000000008003670                . = ALIGN (0x4)

.fini_array     0x0000000008003670        0x4
                0x0000000008003670                . = ALIGN (0x4)
                [!provide]                        PROVIDE (__fini_array_start = .)
 *(SORT_BY_NAME(.fini_array.*))
 *(.fini_array*)
 .fini_array    0x0000000008003670        0x4 C:/ST/STM32CubeIDE_1.13.2/STM32CubeIDE/plugins/com.st.stm32cube.ide.mcu.externaltools.gnu-tools-for-stm32.11.3.rel1.win32_1.1.1.202309131626/tools/bin/../lib/gcc/arm-none-eabi/11.3.1/thumb/v7-m/nofp/crtbegin.o
                [!provide]                        PROVIDE (__fini_array_end = .)
                0x0000000008003674                . = ALIGN (0x4)
                0x0000000008003674                _sidata = LOADADDR (.data)

.data           0x0000000020000000       0x14 load address 0x0000000008003674
                0x0000000020000000                . = ALIGN (0x4)
                0x0000000020000000                _sdata = .
 *(.data)
 *(.data*)
 .data.Font_11x18
                0x0000000020000000        0x8 ./Core/Src/fonts.o
                0x0000000020000000                Font_11x18
 .data.SystemCoreClock
                0x0000000020000008        0x4 ./Core/Src/system_stm32f1xx.o
                0x0000000020000008                SystemCoreClock
 .data.uwTickPrio
                0x000000002000000c        0x4 ./Drivers/STM32F1xx_HAL_Driver/Src/stm32f1xx_hal.o
                0x000000002000000c                uwTickPrio
 .data.uwTickFreq
                0x0000000020000010        0x1 ./Drivers/STM32F1xx_HAL_Driver/Src/stm32f1xx_hal.o
                0x0000000020000010                uwTickFreq
 *(.RamFunc)
 *(.RamFunc*)
                0x0000000020000014                . = ALIGN (0x4)
 *fill*         0x0000000020000011        0x3 
                0x0000000020000014                _edata = .

.igot.plt       0x0000000020000014        0x0 load address 0x0000000008003688
 .igot.plt      0x0000000020000014        0x0 C:/ST/STM32CubeIDE_1.13.2/STM32CubeIDE/plugins/com.st.stm32cube.ide.mcu.externaltools.gnu-tools-for-stm32.11.3.rel1.win32_1.1.1.202309131626/tools/bin/../lib/gcc/arm-none-eabi/11.3.1/thumb/v7-m/nofp/crtbegin.o
                0x0000000020000014                . = ALIGN (0x4)

.bss            0x0000000020000014      0x480 load address 0x0000000008003688
                0x0000000020000014                _sbss = .
                0x0000000020000014                __bss_start__ = _sbss
 *(.bss)
 .bss           0x0000000020000014       0x1c C:/ST/STM32CubeIDE_1.13.2/STM32CubeIDE/plugins/com.st.stm32cube.ide.mcu.externaltools.gnu-tools-for-stm32.11.3.rel1.win32_1.1.1.202309131626/tools/bin/../lib/gcc/arm-none-eabi/11.3.1/thumb/v7-m/nofp/crtbegin.o
 *(.bss*)
 .bss.hi2c1     0x0000000020000030       0x54 ./Core/Src/main.o
                0x0000000020000030                hi2c1
 .bss.key       0x0000000020000084        0x1 ./Core/Src/main.o
                0x0000000020000084                key
 *fill*         0x0000000020000085        0x3 
 .bss.SSD1306_Buffer
                0x0000000020000088      0x400 ./Core/Src/ssd1306.o
 .bss.SSD1306   0x0000000020000488        0x6 ./Core/Src/ssd1306.o
 *fill*         0x000000002000048e        0x2 
 .bss.uwTick    0x0000000020000490        0x4 ./Drivers/STM32F1xx_HAL_Driver/Src/stm32f1xx_hal.o
                0x0000000020000490                uwTick
 *(COMMON)
                0x0000000020000494                . = ALIGN (0x4)
                0x0000000020000494                _ebss = .
                0x0000000020000494                __bss_end__ = _ebss

._user_heap_stack
                0x0000000020000494      0x604 load address 0x0000000008003688
                0x0000000020000498                . = ALIGN (0x8)
 *fill*         0x0000000020000494        0x4 
                [!provide]                        PROVIDE (end = .)
                0x0000000020000498                PROVIDE (_end = .)
                0x0000000020000698                . = (. + _Min_Heap_Size)
 *fill*         0x0000000020000498      0x200 
                0x0000000020000a98                . = (. + _Min_Stack_Size)
 *fill*         0x0000000020000698      0x400 
                0x0000000020000a98                . = ALIGN (0x8)

/DISCARD/
 libc.a(*)
 libm.a(*)
 libgcc.a(*)

.ARM.attributes
                0x0000000000000000       0x29
 *(.ARM.attributes)
 .ARM.attributes
                0x0000000000000000       0x1d C:/ST/STM32CubeIDE_1.13.2/STM32CubeIDE/plugins/com.st.stm32cube.ide.mcu.externaltools.gnu-tools-for-stm32.11.3.rel1.win32_1.1.1.202309131626/tools/bin/../lib/gcc/arm-none-eabi/11.3.1/thumb/v7-m/nofp/crti.o
 .ARM.attributes
                0x000000000000001d       0x2d C:/ST/STM32CubeIDE_1.13.2/STM32CubeIDE/plugins/com.st.stm32cube.ide.mcu.externaltools.gnu-tools-for-stm32.11.3.rel1.win32_1.1.1.202309131626/tools/bin/../lib/gcc/arm-none-eabi/11.3.1/thumb/v7-m/nofp/crtbegin.o
 .ARM.attributes
                0x000000000000004a       0x2d ./Core/Src/fonts.o
 .ARM.attributes
                0x0000000000000077       0x2d ./Core/Src/main.o
 .ARM.attributes
                0x00000000000000a4       0x2d ./Core/Src/ssd1306.o
 .ARM.attributes
                0x00000000000000d1       0x2d ./Core/Src/stm32f1xx_hal_msp.o
 .ARM.attributes
                0x00000000000000fe       0x2d ./Core/Src/stm32f1xx_it.o
 .ARM.attributes
                0x000000000000012b       0x2d ./Core/Src/system_stm32f1xx.o
 .ARM.attributes
                0x0000000000000158       0x21 ./Core/Startup/startup_stm32f103c8tx.o
 .ARM.attributes
                0x0000000000000179       0x2d ./Drivers/STM32F1xx_HAL_Driver/Src/stm32f1xx_hal.o
 .ARM.attributes
                0x00000000000001a6       0x2d ./Drivers/STM32F1xx_HAL_Driver/Src/stm32f1xx_hal_cortex.o
 .ARM.attributes
                0x00000000000001d3       0x2d ./Drivers/STM32F1xx_HAL_Driver/Src/stm32f1xx_hal_gpio.o
 .ARM.attributes
                0x0000000000000200       0x2d ./Drivers/STM32F1xx_HAL_Driver/Src/stm32f1xx_hal_i2c.o
 .ARM.attributes
                0x000000000000022d       0x2d ./Drivers/STM32F1xx_HAL_Driver/Src/stm32f1xx_hal_rcc.o
 .ARM.attributes
                0x000000000000025a       0x2d C:/ST/STM32CubeIDE_1.13.2/STM32CubeIDE/plugins/com.st.stm32cube.ide.mcu.externaltools.gnu-tools-for-stm32.11.3.rel1.win32_1.1.1.202309131626/tools/bin/../lib/gcc/arm-none-eabi/11.3.1/../../../../arm-none-eabi/lib/thumb/v7-m/nofp\libc_nano.a(libc_a-memset.o)
 .ARM.attributes
                0x0000000000000287       0x2d C:/ST/STM32CubeIDE_1.13.2/STM32CubeIDE/plugins/com.st.stm32cube.ide.mcu.externaltools.gnu-tools-for-stm32.11.3.rel1.win32_1.1.1.202309131626/tools/bin/../lib/gcc/arm-none-eabi/11.3.1/../../../../arm-none-eabi/lib/thumb/v7-m/nofp\libc_nano.a(libc_a-init.o)
 .ARM.attributes
                0x00000000000002b4       0x1d C:/ST/STM32CubeIDE_1.13.2/STM32CubeIDE/plugins/com.st.stm32cube.ide.mcu.externaltools.gnu-tools-for-stm32.11.3.rel1.win32_1.1.1.202309131626/tools/bin/../lib/gcc/arm-none-eabi/11.3.1/thumb/v7-m/nofp/crtn.o
OUTPUT(blink_01.elf elf32-littlearm)
LOAD linker stubs
LOAD C:/ST/STM32CubeIDE_1.13.2/STM32CubeIDE/plugins/com.st.stm32cube.ide.mcu.externaltools.gnu-tools-for-stm32.11.3.rel1.win32_1.1.1.202309131626/tools/bin/../lib/gcc/arm-none-eabi/11.3.1/../../../../arm-none-eabi/lib/thumb/v7-m/nofp\libc.a
LOAD C:/ST/STM32CubeIDE_1.13.2/STM32CubeIDE/plugins/com.st.stm32cube.ide.mcu.externaltools.gnu-tools-for-stm32.11.3.rel1.win32_1.1.1.202309131626/tools/bin/../lib/gcc/arm-none-eabi/11.3.1/../../../../arm-none-eabi/lib/thumb/v7-m/nofp\libm.a
LOAD C:/ST/STM32CubeIDE_1.13.2/STM32CubeIDE/plugins/com.st.stm32cube.ide.mcu.externaltools.gnu-tools-for-stm32.11.3.rel1.win32_1.1.1.202309131626/tools/bin/../lib/gcc/arm-none-eabi/11.3.1/thumb/v7-m/nofp\libgcc.a

.comment        0x0000000000000000       0x43
 .comment       0x0000000000000000       0x43 C:/ST/STM32CubeIDE_1.13.2/STM32CubeIDE/plugins/com.st.stm32cube.ide.mcu.externaltools.gnu-tools-for-stm32.11.3.rel1.win32_1.1.1.202309131626/tools/bin/../lib/gcc/arm-none-eabi/11.3.1/thumb/v7-m/nofp/crtbegin.o
                                         0x44 (size before relaxing)
 .comment       0x0000000000000043       0x44 ./Core/Src/fonts.o
 .comment       0x0000000000000043       0x44 ./Core/Src/main.o
 .comment       0x0000000000000043       0x44 ./Core/Src/ssd1306.o
 .comment       0x0000000000000043       0x44 ./Core/Src/stm32f1xx_hal_msp.o
 .comment       0x0000000000000043       0x44 ./Core/Src/stm32f1xx_it.o
 .comment       0x0000000000000043       0x44 ./Core/Src/system_stm32f1xx.o
 .comment       0x0000000000000043       0x44 ./Drivers/STM32F1xx_HAL_Driver/Src/stm32f1xx_hal.o
 .comment       0x0000000000000043       0x44 ./Drivers/STM32F1xx_HAL_Driver/Src/stm32f1xx_hal_cortex.o
 .comment       0x0000000000000043       0x44 ./Drivers/STM32F1xx_HAL_Driver/Src/stm32f1xx_hal_gpio.o
 .comment       0x0000000000000043       0x44 ./Drivers/STM32F1xx_HAL_Driver/Src/stm32f1xx_hal_i2c.o
 .comment       0x0000000000000043       0x44 ./Drivers/STM32F1xx_HAL_Driver/Src/stm32f1xx_hal_rcc.o

.debug_info     0x0000000000000000     0x6d8f
 .debug_info    0x0000000000000000      0x255 ./Core/Src/fonts.o
 .debug_info    0x0000000000000255      0xb55 ./Core/Src/main.o
 .debug_info    0x0000000000000daa     0x1028 ./Core/Src/ssd1306.o
 .debug_info    0x0000000000001dd2      0x845 ./Core/Src/stm32f1xx_hal_msp.o
 .debug_info    0x0000000000002617      0x113 ./Core/Src/stm32f1xx_it.o
 .debug_info    0x000000000000272a      0x222 ./Core/Src/system_stm32f1xx.o
 .debug_info    0x000000000000294c       0x23 ./Core/Startup/startup_stm32f103c8tx.o
 .debug_info    0x000000000000296f      0x704 ./Drivers/STM32F1xx_HAL_Driver/Src/stm32f1xx_hal.o
 .debug_info    0x0000000000003073      0xa87 ./Drivers/STM32F1xx_HAL_Driver/Src/stm32f1xx_hal_cortex.o
 .debug_info    0x0000000000003afa      0x5ab ./Drivers/STM32F1xx_HAL_Driver/Src/stm32f1xx_hal_gpio.o
 .debug_info    0x00000000000040a5     0x2515 ./Drivers/STM32F1xx_HAL_Driver/Src/stm32f1xx_hal_i2c.o
 .debug_info    0x00000000000065ba      0x7d5 ./Drivers/STM32F1xx_HAL_Driver/Src/stm32f1xx_hal_rcc.o

.debug_abbrev   0x0000000000000000     0x166a
 .debug_abbrev  0x0000000000000000      0x11c ./Core/Src/fonts.o
 .debug_abbrev  0x000000000000011c      0x2c1 ./Core/Src/main.o
 .debug_abbrev  0x00000000000003dd      0x30d ./Core/Src/ssd1306.o
 .debug_abbrev  0x00000000000006ea      0x1a3 ./Core/Src/stm32f1xx_hal_msp.o
 .debug_abbrev  0x000000000000088d       0x73 ./Core/Src/stm32f1xx_it.o
 .debug_abbrev  0x0000000000000900      0x13f ./Core/Src/system_stm32f1xx.o
 .debug_abbrev  0x0000000000000a3f       0x12 ./Core/Startup/startup_stm32f103c8tx.o
 .debug_abbrev  0x0000000000000a51      0x201 ./Drivers/STM32F1xx_HAL_Driver/Src/stm32f1xx_hal.o
 .debug_abbrev  0x0000000000000c52      0x2f8 ./Drivers/STM32F1xx_HAL_Driver/Src/stm32f1xx_hal_cortex.o
 .debug_abbrev  0x0000000000000f4a      0x1ca ./Drivers/STM32F1xx_HAL_Driver/Src/stm32f1xx_hal_gpio.o
 .debug_abbrev  0x0000000000001114      0x2a3 ./Drivers/STM32F1xx_HAL_Driver/Src/stm32f1xx_hal_i2c.o
 .debug_abbrev  0x00000000000013b7      0x2b3 ./Drivers/STM32F1xx_HAL_Driver/Src/stm32f1xx_hal_rcc.o

.debug_aranges  0x0000000000000000      0x7b0
 .debug_aranges
                0x0000000000000000       0x20 ./Core/Src/fonts.o
 .debug_aranges
                0x0000000000000020       0x48 ./Core/Src/main.o
 .debug_aranges
                0x0000000000000068       0xf8 ./Core/Src/ssd1306.o
 .debug_aranges
                0x0000000000000160       0x30 ./Core/Src/stm32f1xx_hal_msp.o
 .debug_aranges
                0x0000000000000190       0x60 ./Core/Src/stm32f1xx_it.o
 .debug_aranges
                0x00000000000001f0       0x28 ./Core/Src/system_stm32f1xx.o
 .debug_aranges
                0x0000000000000218       0x28 ./Core/Startup/startup_stm32f103c8tx.o
 .debug_aranges
                0x0000000000000240       0xe0 ./Drivers/STM32F1xx_HAL_Driver/Src/stm32f1xx_hal.o
 .debug_aranges
                0x0000000000000320      0x100 ./Drivers/STM32F1xx_HAL_Driver/Src/stm32f1xx_hal_cortex.o
 .debug_aranges
                0x0000000000000420       0x58 ./Drivers/STM32F1xx_HAL_Driver/Src/stm32f1xx_hal_gpio.o
 .debug_aranges
                0x0000000000000478      0x2a8 ./Drivers/STM32F1xx_HAL_Driver/Src/stm32f1xx_hal_i2c.o
 .debug_aranges
                0x0000000000000720       0x90 ./Drivers/STM32F1xx_HAL_Driver/Src/stm32f1xx_hal_rcc.o

.debug_rnglists
                0x0000000000000000      0x5e4
 .debug_rnglists
                0x0000000000000000       0x13 ./Core/Src/fonts.o
 .debug_rnglists
                0x0000000000000013       0x35 ./Core/Src/main.o
 .debug_rnglists
                0x0000000000000048       0xc2 ./Core/Src/ssd1306.o
 .debug_rnglists
                0x000000000000010a       0x1f ./Core/Src/stm32f1xx_hal_msp.o
 .debug_rnglists
                0x0000000000000129       0x43 ./Core/Src/stm32f1xx_it.o
 .debug_rnglists
                0x000000000000016c       0x1a ./Core/Src/system_stm32f1xx.o
 .debug_rnglists
                0x0000000000000186       0x19 ./Core/Startup/startup_stm32f103c8tx.o
 .debug_rnglists
                0x000000000000019f       0xa3 ./Drivers/STM32F1xx_HAL_Driver/Src/stm32f1xx_hal.o
 .debug_rnglists
                0x0000000000000242       0xbb ./Drivers/STM32F1xx_HAL_Driver/Src/stm32f1xx_hal_cortex.o
 .debug_rnglists
                0x00000000000002fd       0x3f ./Drivers/STM32F1xx_HAL_Driver/Src/stm32f1xx_hal_gpio.o
 .debug_rnglists
                0x000000000000033c      0x23c ./Drivers/STM32F1xx_HAL_Driver/Src/stm32f1xx_hal_i2c.o
 .debug_rnglists
                0x0000000000000578       0x6c ./Drivers/STM32F1xx_HAL_Driver/Src/stm32f1xx_hal_rcc.o

.debug_macro    0x0000000000000000    0x16ce2
 .debug_macro   0x0000000000000000      0x266 ./Core/Src/fonts.o
 .debug_macro   0x0000000000000266      0xa9c ./Core/Src/fonts.o
 .debug_macro   0x0000000000000d02      0x215 ./Core/Src/fonts.o
 .debug_macro   0x0000000000000f17       0x2e ./Core/Src/fonts.o
 .debug_macro   0x0000000000000f45       0x22 ./Core/Src/fonts.o
 .debug_macro   0x0000000000000f67       0x22 ./Core/Src/fonts.o
 .debug_macro   0x0000000000000f89       0x8e ./Core/Src/fonts.o
 .debug_macro   0x0000000000001017       0x51 ./Core/Src/fonts.o
 .debug_macro   0x0000000000001068      0x103 ./Core/Src/fonts.o
 .debug_macro   0x000000000000116b       0x6a ./Core/Src/fonts.o
 .debug_macro   0x00000000000011d5      0x1df ./Core/Src/fonts.o
 .debug_macro   0x00000000000013b4       0x1c ./Core/Src/fonts.o
 .debug_macro   0x00000000000013d0       0x22 ./Core/Src/fonts.o
 .debug_macro   0x00000000000013f2       0xbd ./Core/Src/fonts.o
 .debug_macro   0x00000000000014af      0xd23 ./Core/Src/fonts.o
 .debug_macro   0x00000000000021d2     0xe09e ./Core/Src/fonts.o
 .debug_macro   0x0000000000010270       0x6d ./Core/Src/fonts.o
 .debug_macro   0x00000000000102dd     0x348d ./Core/Src/fonts.o
 .debug_macro   0x000000000001376a      0x174 ./Core/Src/fonts.o
 .debug_macro   0x00000000000138de       0x5c ./Core/Src/fonts.o
 .debug_macro   0x000000000001393a      0x5bc ./Core/Src/fonts.o
 .debug_macro   0x0000000000013ef6      0x289 ./Core/Src/fonts.o
 .debug_macro   0x000000000001417f      0x1cb ./Core/Src/fonts.o
 .debug_macro   0x000000000001434a      0x114 ./Core/Src/fonts.o
 .debug_macro   0x000000000001445e      0x1b2 ./Core/Src/fonts.o
 .debug_macro   0x0000000000014610       0x27 ./Core/Src/fonts.o
 .debug_macro   0x0000000000014637      0x136 ./Core/Src/fonts.o
 .debug_macro   0x000000000001476d      0x1bc ./Core/Src/fonts.o
 .debug_macro   0x0000000000014929       0x34 ./Core/Src/fonts.o
 .debug_macro   0x000000000001495d       0x3c ./Core/Src/fonts.o
 .debug_macro   0x0000000000014999       0x57 ./Core/Src/fonts.o
 .debug_macro   0x00000000000149f0       0x87 ./Core/Src/fonts.o
 .debug_macro   0x0000000000014a77      0x240 ./Core/Src/fonts.o
 .debug_macro   0x0000000000014cb7      0x287 ./Core/Src/fonts.o
 .debug_macro   0x0000000000014f3e      0x140 ./Core/Src/fonts.o
 .debug_macro   0x000000000001507e       0x83 ./Core/Src/fonts.o
 .debug_macro   0x0000000000015101       0x61 ./Core/Src/fonts.o
 .debug_macro   0x0000000000015162       0x24 ./Core/Src/fonts.o
 .debug_macro   0x0000000000015186       0x43 ./Core/Src/fonts.o
 .debug_macro   0x00000000000151c9       0x34 ./Core/Src/fonts.o
 .debug_macro   0x00000000000151fd       0x16 ./Core/Src/fonts.o
 .debug_macro   0x0000000000015213       0x43 ./Core/Src/fonts.o
 .debug_macro   0x0000000000015256       0x34 ./Core/Src/fonts.o
 .debug_macro   0x000000000001528a       0x10 ./Core/Src/fonts.o
 .debug_macro   0x000000000001529a       0x58 ./Core/Src/fonts.o
 .debug_macro   0x00000000000152f2       0x8e ./Core/Src/fonts.o
 .debug_macro   0x0000000000015380       0x1c ./Core/Src/fonts.o
 .debug_macro   0x000000000001539c      0x177 ./Core/Src/fonts.o
 .debug_macro   0x0000000000015513      0x369 ./Core/Src/fonts.o
 .debug_macro   0x000000000001587c       0x10 ./Core/Src/fonts.o
 .debug_macro   0x000000000001588c       0x35 ./Core/Src/fonts.o
 .debug_macro   0x00000000000158c1       0x20 ./Core/Src/fonts.o
 .debug_macro   0x00000000000158e1      0x321 ./Core/Src/main.o
 .debug_macro   0x0000000000015c02       0x16 ./Core/Src/main.o
 .debug_macro   0x0000000000015c18       0x16 ./Core/Src/main.o
 .debug_macro   0x0000000000015c2e       0x29 ./Core/Src/main.o
 .debug_macro   0x0000000000015c57       0x1d ./Core/Src/main.o
 .debug_macro   0x0000000000015c74      0x2f1 ./Core/Src/ssd1306.o
 .debug_macro   0x0000000000015f65      0x198 ./Core/Src/stm32f1xx_hal_msp.o
 .debug_macro   0x00000000000160fd      0x1a2 ./Core/Src/stm32f1xx_it.o
 .debug_macro   0x000000000001629f      0x18e ./Core/Src/system_stm32f1xx.o
 .debug_macro   0x000000000001642d      0x1b2 ./Drivers/STM32F1xx_HAL_Driver/Src/stm32f1xx_hal.o
 .debug_macro   0x00000000000165df      0x18e ./Drivers/STM32F1xx_HAL_Driver/Src/stm32f1xx_hal_cortex.o
 .debug_macro   0x000000000001676d      0x1f9 ./Drivers/STM32F1xx_HAL_Driver/Src/stm32f1xx_hal_gpio.o
 .debug_macro   0x0000000000016966      0x1dc ./Drivers/STM32F1xx_HAL_Driver/Src/stm32f1xx_hal_i2c.o
 .debug_macro   0x0000000000016b42      0x1a0 ./Drivers/STM32F1xx_HAL_Driver/Src/stm32f1xx_hal_rcc.o

.debug_line     0x0000000000000000     0xa0fe
 .debug_line    0x0000000000000000      0x832 ./Core/Src/fonts.o
 .debug_line    0x0000000000000832      0xb2e ./Core/Src/main.o
 .debug_line    0x0000000000001360      0xfeb ./Core/Src/ssd1306.o
 .debug_line    0x000000000000234b      0x716 ./Core/Src/stm32f1xx_hal_msp.o
 .debug_line    0x0000000000002a61      0x78d ./Core/Src/stm32f1xx_it.o
 .debug_line    0x00000000000031ee      0x749 ./Core/Src/system_stm32f1xx.o
 .debug_line    0x0000000000003937       0x78 ./Core/Startup/startup_stm32f103c8tx.o
 .debug_line    0x00000000000039af      0x976 ./Drivers/STM32F1xx_HAL_Driver/Src/stm32f1xx_hal.o
 .debug_line    0x0000000000004325      0xb5e ./Drivers/STM32F1xx_HAL_Driver/Src/stm32f1xx_hal_cortex.o
 .debug_line    0x0000000000004e83      0xa0f ./Drivers/STM32F1xx_HAL_Driver/Src/stm32f1xx_hal_gpio.o
 .debug_line    0x0000000000005892     0x3aed ./Drivers/STM32F1xx_HAL_Driver/Src/stm32f1xx_hal_i2c.o
 .debug_line    0x000000000000937f      0xd7f ./Drivers/STM32F1xx_HAL_Driver/Src/stm32f1xx_hal_rcc.o

.debug_str      0x0000000000000000    0x81d4f
 .debug_str     0x0000000000000000    0x7f36f ./Core/Src/fonts.o
                                      0x7f6c6 (size before relaxing)
 .debug_str     0x000000000007f36f      0x9f0 ./Core/Src/main.o
                                      0x800a4 (size before relaxing)
 .debug_str     0x000000000007fd5f      0x498 ./Core/Src/ssd1306.o
                                      0x80193 (size before relaxing)
 .debug_str     0x00000000000801f7       0x91 ./Core/Src/stm32f1xx_hal_msp.o
                                      0x7ca53 (size before relaxing)
 .debug_str     0x0000000000080288       0xc9 ./Core/Src/stm32f1xx_it.o
                                      0x7c564 (size before relaxing)
 .debug_str     0x0000000000080351       0x7e ./Core/Src/system_stm32f1xx.o
                                      0x7c57a (size before relaxing)
 .debug_str     0x00000000000803cf       0x34 ./Core/Startup/startup_stm32f103c8tx.o
                                         0x82 (size before relaxing)
 .debug_str     0x0000000000080403      0x607 ./Drivers/STM32F1xx_HAL_Driver/Src/stm32f1xx_hal.o
                                      0x7ccad (size before relaxing)
 .debug_str     0x0000000000080a0a      0x2bb ./Drivers/STM32F1xx_HAL_Driver/Src/stm32f1xx_hal_cortex.o
                                      0x7cbf9 (size before relaxing)
 .debug_str     0x0000000000080cc5      0x2d5 ./Drivers/STM32F1xx_HAL_Driver/Src/stm32f1xx_hal_gpio.o
                                      0x7c900 (size before relaxing)
 .debug_str     0x0000000000080f9a      0xbac ./Drivers/STM32F1xx_HAL_Driver/Src/stm32f1xx_hal_i2c.o
                                      0x7d641 (size before relaxing)
 .debug_str     0x0000000000081b46      0x209 ./Drivers/STM32F1xx_HAL_Driver/Src/stm32f1xx_hal_rcc.o
                                      0x7c9a9 (size before relaxing)

.debug_frame    0x0000000000000000     0x1e7c
 .debug_frame   0x0000000000000000       0x38 ./Core/Src/fonts.o
 .debug_frame   0x0000000000000038       0xc4 ./Core/Src/main.o
 .debug_frame   0x00000000000000fc      0x414 ./Core/Src/ssd1306.o
 .debug_frame   0x0000000000000510       0x80 ./Core/Src/stm32f1xx_hal_msp.o
 .debug_frame   0x0000000000000590      0x104 ./Core/Src/stm32f1xx_it.o
 .debug_frame   0x0000000000000694       0x58 ./Core/Src/system_stm32f1xx.o
 .debug_frame   0x00000000000006ec      0x334 ./Drivers/STM32F1xx_HAL_Driver/Src/stm32f1xx_hal.o
 .debug_frame   0x0000000000000a20      0x428 ./Drivers/STM32F1xx_HAL_Driver/Src/stm32f1xx_hal_cortex.o
 .debug_frame   0x0000000000000e48      0x14c ./Drivers/STM32F1xx_HAL_Driver/Src/stm32f1xx_hal_gpio.o
 .debug_frame   0x0000000000000f94      0xc84 ./Drivers/STM32F1xx_HAL_Driver/Src/stm32f1xx_hal_i2c.o
 .debug_frame   0x0000000000001c18      0x218 ./Drivers/STM32F1xx_HAL_Driver/Src/stm32f1xx_hal_rcc.o
 .debug_frame   0x0000000000001e30       0x20 C:/ST/STM32CubeIDE_1.13.2/STM32CubeIDE/plugins/com.st.stm32cube.ide.mcu.externaltools.gnu-tools-for-stm32.11.3.rel1.win32_1.1.1.202309131626/tools/bin/../lib/gcc/arm-none-eabi/11.3.1/../../../../arm-none-eabi/lib/thumb/v7-m/nofp\libc_nano.a(libc_a-memset.o)
 .debug_frame   0x0000000000001e50       0x2c C:/ST/STM32CubeIDE_1.13.2/STM32CubeIDE/plugins/com.st.stm32cube.ide.mcu.externaltools.gnu-tools-for-stm32.11.3.rel1.win32_1.1.1.202309131626/tools/bin/../lib/gcc/arm-none-eabi/11.3.1/../../../../arm-none-eabi/lib/thumb/v7-m/nofp\libc_nano.a(libc_a-init.o)

.debug_line_str
                0x0000000000000000       0x76
 .debug_line_str
                0x0000000000000000       0x76 ./Core/Startup/startup_stm32f103c8tx.o
                                         0x8e (size before relaxing)
